2025-01-19 20:41:12.043: [INFO] VisibilityChanged: 0
2025-01-19 20:41:12.079: [INFO] RecordSyncInitDurationhas_sync_been_enabled: 0 state: 0
2025-01-19 20:41:12.079: [INFO] RecordSyncInitDurationhas_sync_been_enabled: 0 state: 0
2025-01-19 20:41:12.080: [INFO] RecordSyncInitDurationhas_sync_been_enabled: 0 state: 0
2025-01-19 20:41:12.080: [INFO] RecordSyncInitDurationhas_sync_been_enabled: 0 state: 0
2025-01-19 20:41:12.080: [INFO] RecordSyncInitDurationhas_sync_been_enabled: 0 state: 0
2025-01-19 20:41:12.080: [INFO] RecordSyncInitDurationhas_sync_been_enabled: 0 state: 0
2025-01-19 20:41:12.080: [INFO] RecordSyncInitDurationhas_sync_been_enabled: 0 state: 0
2025-01-19 20:41:12.080: [INFO] RecordSyncInitDurationhas_sync_been_enabled: 0 state: 0
2025-01-19 20:41:12.081: [INFO] RecordSyncInitDurationhas_sync_been_enabled: 0 state: 0
2025-01-19 20:41:12.081: [INFO] RecordSyncInitDurationhas_sync_been_enabled: 0 state: 0
2025-01-19 20:41:12.081: [INFO] RecordSyncInitDurationhas_sync_been_enabled: 0 state: 0
2025-01-19 20:41:12.092: [INFO] BookmarkModelLoaded, ids_reassigned: 0
2025-01-19 20:41:12.092: [INFO] OnDoneLoading sync enabled: 0
2025-01-19 20:41:12.108: [INFO] RecordSyncInitDurationhas_sync_been_enabled: 0 state: 0
2025-01-19 20:41:12.517: [INFO] Primary account changed.
2025-01-19 20:41:12.517: [INFO] OnPrimaryAccountChangedPrimaryAccountChangeEvent::Type::kSet
2025-01-19 20:41:12.518: [INFO] RecordSyncInitDurationhas_sync_been_enabled: 0 state: 0
2025-01-19 20:41:12.519: [INFO] RecordSyncInitDurationhas_sync_been_enabled: 0 state: 0
2025-01-19 20:41:12.519: [INFO] RecordSyncInitDurationhas_sync_been_enabled: 0 state: 0
2025-01-19 20:43:40.156: [INFO] VisibilityChanged: 0
2025-01-19 20:43:40.209: [INFO] BookmarkModelLoaded, ids_reassigned: 0
2025-01-19 20:43:40.209: [INFO] OnDoneLoading sync enabled: 0
